From mikec@reed.UUCP (Michael Cooper) Thu Nov  1 00:47:54 1984
Relay-Version: version B 2.10.2 9/17/84; site plus5.UUCP
Posting-Version: version B 2.10.2 9/5/84; site reed.UUCP
Path: plus5!gang!wuphys!busch!we53!mgnetp!ihnp4!zehntel!tektronix!reed!mikec
From: mikec@reed.UUCP (Michael Cooper)
Newsgroups: net.games
Subject: Unix Zork Map
Message-ID: <662@reed.UUCP>
Date: 1 Nov 84 06:47:54 GMT
Date-Received: 3 Nov 84 12:43:07 GMT
Organization: Tabr Sietch - Portland, Oregon
Lines: 458


A few months ago, I tried to post this article, but the machine with
whom we had our news feed from was not distributing any of net.games.
We now have our old realible news feed back and so I'm reposting this
article.


+-+-+-+-+-+-+-+-+-+-+-+-+-+-+-+-+-+-+-+-+-+-+-+-+-+-+-+-
	WARNING: This is a full map for UNIX ZORK
		 Do not look if you want to figure
		 it out yourself.
+-+-+-+-+-+-+-+-+-+-+-+-+-+-+-+-+-+-+-+-+-+-+-+-+-+-+-+-

I have compiled a hopefully total map of the Underground Empire.  I have 
appended a copy of it.  I hope that you find it informative.  If you find
any bugs or inconsistancies in it, let my know and I'll make the corrections
and probably post them if there are enough corrections to merit it.
The following is the layout of the map:


			   Map Layout
	+---------------+---------------+---------------+
	|Page 1		|Page 3		|Page 5		|
	|		|		|		|	
	|  Main		|  Main		|  Surface	| 
	|		|		|		|
	|  Part  I	|  Part  II	|    		|
	|		|		|   		|
	|		|		|		|
	|_   _   _   _  |_   _   _   _  | _   _   _   _ |
	|Page 2		|Page 4		|Page 6		|
	|		|		|		|
	|  Main		|  Main		|  Maze		|
	|		|		|		|
	|  Part  I	|  Part  II	|    		|
	|		|		|		|
	|  Bank		|  Mine		|		|
	|		|		|		|
	+---------------+---------------+---------------+


Go ahead, flame me!  See if I care!

					Michael Cooper

	P.S. -- I'd like to thank Peter Williams for mapping the maze.  He
		was the only one persistant enough to do so.
		I'd also like to thank Kevin Freeman for his help as an
		expert adventurer.
______________________________________________________________________________
UUCP:
{decvax, ucbvax, pur-ee, uw-beaver, masscomp, cbosg,
 mit-ems, psu-cs, uoregon, orstcs, ihnp4, uf-cgrl}!tektronix
						  teneron----\
						  ogcvax------+-!reed!mikec
						  muddcs-----/
						  cadic-----/
						  oresoft--/
						  grpwre--+


-----------------------------------Cut Here-------------------------------------
Michael Cooper	(reed!mikec)			
________________________________________________________________________________


 
 
 
 
 
 

(See Detail)
+-[Mine+--------------------------------------------------------------------+
|    #									    |	
|    #									    |
|    ####################						    |	
|			#	Gas Room]---[Smelly Room+--------+          |
+-]Ladder Top		#					  \        /
      [		  Dead	#					   +      +
      |		  End	#					    Wooden
      |	 	 +	#					    Tunnel 
      |	        /	#					   +
      ]	       +	#					  /
  Ladder Bottom+<<<+Bat Room+--+Squeaky Room			 /
      	     +				+			+
      	     |				 \		   +-+Shaft Room
     	     +				  \		  /
         Timber Room		    	   +		 +	       Steep
	+				    Mine Entrance	       Crawlway
       #					+		      +      +
      +						|		     / 	     |
 Lower+-----+Machine Room			+	 	    +        +
 Shaft			   .   .   .   .(1)-[Slide Room+--+Cold Passage+-+Mirror
		 .   .		.    .		.			  Room
	   .  .		   .	+---+	   .	     .
       .  . .	.     .		|   +	     +--------------------------+
   ..		++Ruby Room     | Stream View  .       .		|
 .  		|    +		|		.	.		|
.		|    #		+		.	   .		|
		|    #####+Glacier Room+-+	 .		.	|
		|			 |	  .		   .	|
		+-+Lava Room		 |	   .		     .	|
			+		 |	   .			|.
			|		 |	    .			|    .
			+		 |	     .			|
	##########>>>Volcamo		 |	       .		|
	#	     Bottom		 |		.		|
	#		+		 |	         .		|
	#		]		 |                .		|
	#		#		 |		     .		|
	#		[		 |		       .	+-------
	#		+		 ]			.
	#	  Volcano  Core	     Egyptian+			    .
	#		]	       Room   \				.
	#		|		+      \   []+Torch Room[-(2)       .
	#		|		|	|	  +
	#		[		|	|	  #
	#	      Near		|	|	  [
	##<<<+Narrow++Small	Volcano++	| 	Dome+-+
	#     Ledge   Ledge	  View		|	      |
	#	+	]			+	      |
	#	|	|		+------+Rocky Crawl+--+    +------------
	#	+	|		|		 	   |
	#    Lebrary	|		|			   |
	#		[		+--------------------------+
	#	      Near	
	#	  Viewing Ledge
	#		]						+-------
	#		|		       (4)     		      	|
	#		|		        + 		  	+
	#		|		(1)--+Cellar+------------+Troll Room+---
	#		[			+			+
	##<<<+Wide+-+Near Wide			|			|
	      Ledge   Ledge			|	+----------+	+-------
	 	+	]			|	+	   |
	 	|	|			+--+West of 	   +
	 	+	|			     Chasm       North
	   Dusty Room	[				+  (2)>>+South+---------
	 	       Top			+-------+       Crawlway
						|		   +
			Bank (See Detail)	|		   |
				+		|		   |
				|		+		   |
				+---------+Art Gallery		   |
						+		   |
						 \		   |
						  \		   +
						   +---------+Art Studio












#####     ##    #    #  #    #
#    #   #  #   ##   #  #   #
#####   #    #  # #  #  ####	    Vault
#    #  ######  #  # #  #  #	      #
#    #  #    #  #   ##  #   #	      #
#####   #    #  #    #  #    #	      +
	+--------------------------+Safety+---------------------------+
	|			  Depository			      |
	|			      +				      |
	|			      |				      |
	|			      +				      |
	|		          Chairman's			      |
	|			    Office		   	      |
	|							      |
	|	+-----------------+Viewing+-------------------+       |
	|	|		    Room		      |       |
	|	|		      +			      |	      |
	|	+		      |			      +	      |
	+--+West Teller's	      |	     	     East Teller's+---+
		+		      |			      +
		 \		      |			     /
		  \		      |			    /
		   +-----------+      |	     +-------------+
			       |      |	     |
			       +      +	     +
			        Bank Entrance
				      +
				      |
			       (To Art Gallery)




			Unix Zork Map -	May 20, 1984
________________________________________________________________________________


    #     #                                 #######
    #     #  #    #     #    #    #              #    ####   #####   #    #
    #     #  ##   #     #     #  #              #    #    #  #    #  #   #
    #     #  # #  #     #      ##              #     #    #  #    #  ####
    #     #  #  # #     #      ##             #      #    #  #####   #  #
    #     #  #   ##     #     #  #           #       #    #  #   #   #   #
     #####   #    #     #    #    #         #######   ####   #    #  #    #

________________________________________________________________________________
| 		   	Key			|    Additional Connections    |
|-----------------------------------------------|------------------------------|
|  Symbol	   Meaning			|   Number	Connection     |
|  ------	   -------			|   ------      ----------     |
|   | -		   Normal passageway		|     1		Celler to      |
|   #		   Passageway that requires	|		 Slide Room    |
|	   	    Special action to go through|     2		Torch Room to  |
|   +		   Door or corner		| 		 N-S Crawlway  |
|   [		   Stairs going DOWN		|     3		Aragain Falls  |
|   ]		   Stairs going UP		|		 To Rainbow    |
|   >>> or	   One-way passageway		|     4		Cellar to      |
|   <<<		   				| 		 Living Room   |
|   []		   Passage leads out and back	|     5		Round Room to  |
|   =		   One passage goes under the	| 		 Engravings    |
|		    other 			|     6		Living Room to |
|						|		 Strange Pass. |
|						|     7		Forest(2) to   |
|						| 		 Forest(1)     |
--------------------------------------------------------------------------------

+------+
     Cave
       [
       |
       |			  +-+Maintenance Room
       |			  |	     +
       ]			  +	     |
    Atlantis		      Dam Lobby+-----+
     Room   .			  +
	.+       .   . 		  | +----]Dam Base
   . 	  \		.  .  .  .+ [ . . . . . . . . . .  .
.	   \			 Dam+------+		      .
	    +			  + . . . .| . . . . . .   F	.
        Reservior		  |	   |	  Dead    .   	   .
	  North			 .|  Damp+-+	  End	     .  R    .
	    +			. |  Cave	 +	       .       .
	    |		       .  |    +	+		 .  I	.
	    +		     .	  |    | Dead++Ancient+		  .	:
------+Reservoir[+	    .  	  |    \ End   Chasm   \	   : G	:
	 South	. \	.	  |	\	+	+	   :  	:
	.  +	   +		  |	 +	|	 Small	   : I	:
.  .	   |	    Deep Canyon+--+	Loud+---+	 Cave	   :  	:
	   |		+		Room		   +	   : D	:
	   |		|	       +		    \	   :  	:
	   |		|  Chasm+-+   /			     +	   :  	:
	   |		|   + 	  +  +			      Rocky:  	:White
	   |		|   |	North			      Shore: R	:Cliffs
	   |		|   |	South				   :  	:  +
	   ]		|   |  Passage				   : I	:  +
------+Deep Ravine+-----=---+	  +			      Sandy:	:White
	   +		|	   \ 			      Beach: V	:Cliffs
	   |		|	    \ 				+  :	:
	   |		\	     \ 				+  : E	:
	   |		 \	      \			      Shore:	:
	   [		  \	       \			+  : R	:
------+East-West+--+	   \	   	\			|  :	:
	Passage	   |	    \	   	/   [Temple+--+Altar   	+  :	:
		   |	     \   (5)   /    |		    Aragain+######(3)
---+		   |	      +	  +   +	    ]		      Falls:	:
   | 		   +----------+ Round +--+Grail+-+		   :____:
   | 				Room	  Room	 |		************
---=--Maze(See Detail)	      +   +  +		 |		*   Moby   *
   |	+		     /    /  |		 |		*  Losage  *
   |	+-------------------+	 /   |		 |		************
   |			   	/    |		 + 
---+			       /     |	       Narrow
   +--------------------------+	     |	      Crawlway
   |				     |       +   +
   +				     +      +    +
Engravings			Winding++Mirror++Cave
 Cave				Passage   Room     [
     +						   |
      \						   +
      |						Entrance
      |						to Hades      Crypt of the
      |						   +	      Implementors
      |						   #		   #
      |						   +		   +
      |					Land of the Living+---+Tomb of the
      |						 Dead	   Unknown Implementors
      |
      |
      |				       Low+---------------------+Machine
      |				       Room			  Room
      |					 +			    +
      |					  \			    |
      |					   \			    |
      |					    \			    +
      |					     \			  Dingey
      ]					      +			  Closet
   Riddle+####+Pearl+----+Bottom+####+Top+----+Tea+#####+Pool 
    Room	Room	   Well	      Well     Room	 Room





#    #     #    #    #  ######
##  ##     #    ##   #  #			Mine(5)[-------(To Ladder Top)
# ## #     #    # #  #  #####			  +
#    #     #    #  # #  #			   \
#    #     #    #   ##  #			    +
#    #     #    #    #  ######			     Mine(4)
					[--------------]    +
	+----------------------------+Mine(6)+--------+	     \
	|			      ]	+	      |	      \
	|			+--<<<+ |	      |	      /
	|			|	|	      |	     /
	|			+	|	      |	    /
	|	     +------+Mine(7)+>>>+	      ]    +
	|	     |				+--+Mine(3)
	|	     |			       /
	|	     +-------------]	+-----+
	+-----------------------+Mine(2)	Mine(1)+----(To Wooden Tunnel)
				   +	       +
				   |	      /
				   +---------+



				Section Details
________________________________________________________________________________

		North
		  |
		  |
		* * *
        West---*--*--*---East		      Up a Tree
	        * * *				  [
		  |				  |
		  |			      (7) |
	        South			       +  ]
			    +---------------+Forest(2)+----+-----+Clearing+[]
			    |			+	   |	 +    +
			    +			+----------+	/     |
     +------------------+North of+--------------------+	       /      |
     |			  House			      |	      |	      |
     |	  * * * * * * * * * * * * * * * * * * * *     |	      |	      |
     |	  *					*     |	      |	      |
     |	  *     =======		    Attic	*     |	      |	      |
     |	  * 	|HOUSE|		      [		*     |	      |	      |
     +	  *     =======		      |		*     |	      |	      |
++West of *			      ]		*     +	      |	      |
|  House  * (6)##+Living+----------+Kitchen+#######+Behind+---+	      |
|   +	  *	  Room				*   House	      |
|   |	  *					*     +	      	      |
|   |	  * * * * * * * * * * * * * * * * * * * *     |		      |
|   |						      |		      |
|   +-----------------+South of+----------------------+		      |
|			House					      |
|			  +					      |
|			  |					      |
+----------------------+  +--------------+			      |
 		        \		  \			      |
 			 +   []		   +			      |
 		       []+Forest(3)+-------+Forest(1)+----------------+
			    +		      +++
			    |		      |||
			    +-------------->>>+||
					       ||	(3)+Rainbow's End
					       ||		+
					       ||		|
					       ||		+
					       ||	+--]Canyon Bottom
					       ||	|
					       ||	+--[Rocky Ledge]-------+
					       ||			       |
					       ||			       |
					       |+<<<+Forest(5)+----+Canyon[----+
					       |	+	     View
					       |	|	       +
					       |	|	       |
					       |	+	       |
					       +----+Forest(4)+--------+
							[]
  ####   #    #  #####   ######    ##     ####   ######
 #       #    #  #    #  #        #  #   #    #  #
  ####   #    #  #    #  #####   #    #  #       #####
      #  #    #  #####   #       ######  #       #
 #    #  #    #  #   #   #       #    #  #    #  #
  ####    ####   #    #  #       #    #   ####   ######








 #    #    ##    ######  ######
 ##  ##   #  #       #   #
 # ## #  #    #     #    #####
 #    #  ######    #     #
 #    #  #    #   #      #
 #    #  #    #  ######  ######

		  :From :
	      []  :Round:
		\ :Room :
		 +  +
(<-To Troll Room)+Maze(1)+-----------------+			Dead End(1)
		   +			   +			    +      +
		   |			Maze(2)+--------------------+	    \
		   |		+->>>---+--+				     |
		   |		|	|				     |
		   |		+	+				     |
		   |	    Maze(4)+-+Maze(3)]				     |
		   |		+	      \				     |
		   +------------+	       \	 		     |
						+			     |
+----------------------------------------->>>+Maze(5)			     |
|					     +		     +>>>--------->>>+
|					    /		    /
|					   [		   +
|			   +------------]Maze(6)+--+Maze(7)	Strange+--+(6)
|			   |			   +  +		Passage
|			   |			  /   |		   +
|			   |		+--------+    |		   #
|			   |		|             |		   #
|			   |		|             |		   +
|			   |		|	    +-=--------+Cyclops
|			   |		|	   /  |		 Room
|			   |		|	  +   |		   ]
|			   |  +---------=-+Maze(8)    |		   |
|			   |  |		|    +	      |		   [
|			   |  |		\    |	      |		Treasure
|			   |  |		 \   +--------+		  Room
|			   |  |		 |
|			   |  |		 +
|			   |  +-+Maze(12)|
|   Dead End(4)	     	   |	   +	 |	   	 Grate
|	+	   []	   |	   +-->>>+	    	 Room
|	|	     +	   +			   	+
|	|    +----<<<+Maze(13)+=>>>-------------+      /
|	|   /	     +     +	      +----+	|     /
|	+  +	    /      |	      |	    +	+    +
+-+Maze(11)        /       |	      |      Maze(14)
  +	          /	   |	      |	    +
 /	         /	   |	      |	   /
+---------------=----------=----------=---+
		|	   |	      |
		|	   |	      +-----+Maze(15)+-------+
		|	   |			+	     |
		|	   |			|	     |
		|	   +--------------------=------------+
		|				|
		|				|
		|				+-------+Maze(10)+>>>---+
		|							|
		+-------------------------------------------------------+


